Archive member included because of file (symbol)

obj/avr/core.a(nvram.o)       obj/avr/src/wii_esc_ng.o (nvram_open)
obj/avr/core.a(main.o)        c:/winavr-20100110/bin/../lib/gcc/avr/4.3.3/../../../../avr/lib/avr4/crtm8.o (main)
obj/avr/core.a(wiring.o)      obj/avr/core.a(main.o) (init)
c:/winavr-20100110/bin/../lib/gcc/avr/4.3.3/avr4\libgcc.a(_mulsi3.o)
                              obj/avr/src/wii_esc_ng.o (__mulsi3)
c:/winavr-20100110/bin/../lib/gcc/avr/4.3.3/avr4\libgcc.a(_udivmodhi4.o)
                              obj/avr/src/wii_esc_ng.o (__udivmodhi4)
c:/winavr-20100110/bin/../lib/gcc/avr/4.3.3/avr4\libgcc.a(_divmodhi4.o)
                              obj/avr/src/wii_esc_ng.o (__divmodhi4)
c:/winavr-20100110/bin/../lib/gcc/avr/4.3.3/avr4\libgcc.a(_udivmodsi4.o)
                              obj/avr/src/wii_esc_ng.o (__udivmodsi4)
c:/winavr-20100110/bin/../lib/gcc/avr/4.3.3/avr4\libgcc.a(_prologue.o)
                              obj/avr/src/wii_esc_ng.o (__prologue_saves__)
c:/winavr-20100110/bin/../lib/gcc/avr/4.3.3/avr4\libgcc.a(_epilogue.o)
                              obj/avr/src/wii_esc_ng.o (__epilogue_restores__)
c:/winavr-20100110/bin/../lib/gcc/avr/4.3.3/avr4\libgcc.a(_exit.o)
                              c:/winavr-20100110/bin/../lib/gcc/avr/4.3.3/../../../../avr/lib/avr4/crtm8.o (exit)
c:/winavr-20100110/bin/../lib/gcc/avr/4.3.3/avr4\libgcc.a(_copy_data.o)
                              obj/avr/src/wii_esc_ng.o (__do_copy_data)
c:/winavr-20100110/bin/../lib/gcc/avr/4.3.3/avr4\libgcc.a(_clear_bss.o)
                              obj/avr/src/wii_esc_ng.o (__do_clear_bss)
c:/winavr-20100110/bin/../lib/gcc/avr/4.3.3/../../../../avr/lib/avr4\libc.a(eerd_block_atmega8.o)
                              obj/avr/core.a(nvram.o) (__eerd_block_m8)
c:/winavr-20100110/bin/../lib/gcc/avr/4.3.3/../../../../avr/lib/avr4\libc.a(eerd_byte_atmega8.o)
                              obj/avr/core.a(nvram.o) (__eerd_byte_m8)
c:/winavr-20100110/bin/../lib/gcc/avr/4.3.3/../../../../avr/lib/avr4\libc.a(eewr_byte_atmega8.o)
                              obj/avr/core.a(nvram.o) (__eewr_byte_m8)

Discarded input sections

 .data          0x00000000        0x0 c:/winavr-20100110/bin/../lib/gcc/avr/4.3.3/../../../../avr/lib/avr4/crtm8.o
 .bss           0x00000000        0x0 c:/winavr-20100110/bin/../lib/gcc/avr/4.3.3/../../../../avr/lib/avr4/crtm8.o
 .text          0x00000000        0x0 obj/avr/src/wii_esc_ng.o
 .data          0x00000000        0x0 obj/avr/src/wii_esc_ng.o
 .bss           0x00000000        0x0 obj/avr/src/wii_esc_ng.o
 .text._Z13timer_expiredP11timer_smallj
                0x00000000        0x0 obj/avr/src/wii_esc_ng.o
 .text._Z10Board_Idlev
                0x00000000        0x0 obj/avr/src/wii_esc_ng.o
 .text._Z9sdm_resetv
                0x00000000        0x0 obj/avr/src/wii_esc_ng.o
 .text._Z13update_timingj
                0x00000000        0x0 obj/avr/src/wii_esc_ng.o
 .text._Z14correct_timingj
                0x00000000        0x0 obj/avr/src/wii_esc_ng.o
 .text._Z13calibrate_oscv
                0x00000000        0x0 obj/avr/src/wii_esc_ng.o
 default_eep    0x00000000        0x0 obj/avr/src/wii_esc_ng.o
 extended_eep   0x00000000        0x0 obj/avr/src/wii_esc_ng.o
 free_flight_eep
                0x00000000        0x0 obj/avr/src/wii_esc_ng.o
 ultra_pwm_eep  0x00000000        0x0 obj/avr/src/wii_esc_ng.o
 multiwii_eep   0x00000000        0x0 obj/avr/src/wii_esc_ng.o
 .text          0x00000000        0x0 obj/avr/core.a(nvram.o)
 .data          0x00000000        0x0 obj/avr/core.a(nvram.o)
 .bss           0x00000000        0x0 obj/avr/core.a(nvram.o)
 .text.__eeupd_block_m8
                0x00000000        0x0 obj/avr/core.a(nvram.o)
 .text          0x00000000        0x0 obj/avr/core.a(main.o)
 .data          0x00000000        0x0 obj/avr/core.a(main.o)
 .bss           0x00000000        0x0 obj/avr/core.a(main.o)
 .text          0x00000000        0x0 obj/avr/core.a(wiring.o)
 .data          0x00000000        0x0 obj/avr/core.a(wiring.o)
 .bss           0x00000000        0x0 obj/avr/core.a(wiring.o)
 .text          0x00000000        0x0 c:/winavr-20100110/bin/../lib/gcc/avr/4.3.3/avr4\libgcc.a(_mulsi3.o)
 .data          0x00000000        0x0 c:/winavr-20100110/bin/../lib/gcc/avr/4.3.3/avr4\libgcc.a(_mulsi3.o)
 .bss           0x00000000        0x0 c:/winavr-20100110/bin/../lib/gcc/avr/4.3.3/avr4\libgcc.a(_mulsi3.o)
 .text          0x00000000        0x0 c:/winavr-20100110/bin/../lib/gcc/avr/4.3.3/avr4\libgcc.a(_udivmodhi4.o)
 .data          0x00000000        0x0 c:/winavr-20100110/bin/../lib/gcc/avr/4.3.3/avr4\libgcc.a(_udivmodhi4.o)
 .bss           0x00000000        0x0 c:/winavr-20100110/bin/../lib/gcc/avr/4.3.3/avr4\libgcc.a(_udivmodhi4.o)
 .text          0x00000000        0x0 c:/winavr-20100110/bin/../lib/gcc/avr/4.3.3/avr4\libgcc.a(_divmodhi4.o)
 .data          0x00000000        0x0 c:/winavr-20100110/bin/../lib/gcc/avr/4.3.3/avr4\libgcc.a(_divmodhi4.o)
 .bss           0x00000000        0x0 c:/winavr-20100110/bin/../lib/gcc/avr/4.3.3/avr4\libgcc.a(_divmodhi4.o)
 .text          0x00000000        0x0 c:/winavr-20100110/bin/../lib/gcc/avr/4.3.3/avr4\libgcc.a(_udivmodsi4.o)
 .data          0x00000000        0x0 c:/winavr-20100110/bin/../lib/gcc/avr/4.3.3/avr4\libgcc.a(_udivmodsi4.o)
 .bss           0x00000000        0x0 c:/winavr-20100110/bin/../lib/gcc/avr/4.3.3/avr4\libgcc.a(_udivmodsi4.o)
 .text          0x00000000        0x0 c:/winavr-20100110/bin/../lib/gcc/avr/4.3.3/avr4\libgcc.a(_prologue.o)
 .data          0x00000000        0x0 c:/winavr-20100110/bin/../lib/gcc/avr/4.3.3/avr4\libgcc.a(_prologue.o)
 .bss           0x00000000        0x0 c:/winavr-20100110/bin/../lib/gcc/avr/4.3.3/avr4\libgcc.a(_prologue.o)
 .text          0x00000000        0x0 c:/winavr-20100110/bin/../lib/gcc/avr/4.3.3/avr4\libgcc.a(_epilogue.o)
 .data          0x00000000        0x0 c:/winavr-20100110/bin/../lib/gcc/avr/4.3.3/avr4\libgcc.a(_epilogue.o)
 .bss           0x00000000        0x0 c:/winavr-20100110/bin/../lib/gcc/avr/4.3.3/avr4\libgcc.a(_epilogue.o)
 .text          0x00000000        0x0 c:/winavr-20100110/bin/../lib/gcc/avr/4.3.3/avr4\libgcc.a(_exit.o)
 .data          0x00000000        0x0 c:/winavr-20100110/bin/../lib/gcc/avr/4.3.3/avr4\libgcc.a(_exit.o)
 .bss           0x00000000        0x0 c:/winavr-20100110/bin/../lib/gcc/avr/4.3.3/avr4\libgcc.a(_exit.o)
 .text.libgcc   0x00000000        0x0 c:/winavr-20100110/bin/../lib/gcc/avr/4.3.3/avr4\libgcc.a(_exit.o)
 .text          0x00000000        0x0 c:/winavr-20100110/bin/../lib/gcc/avr/4.3.3/avr4\libgcc.a(_copy_data.o)
 .data          0x00000000        0x0 c:/winavr-20100110/bin/../lib/gcc/avr/4.3.3/avr4\libgcc.a(_copy_data.o)
 .bss           0x00000000        0x0 c:/winavr-20100110/bin/../lib/gcc/avr/4.3.3/avr4\libgcc.a(_copy_data.o)
 .text.libgcc   0x00000000        0x0 c:/winavr-20100110/bin/../lib/gcc/avr/4.3.3/avr4\libgcc.a(_copy_data.o)
 .text          0x00000000        0x0 c:/winavr-20100110/bin/../lib/gcc/avr/4.3.3/avr4\libgcc.a(_clear_bss.o)
 .data          0x00000000        0x0 c:/winavr-20100110/bin/../lib/gcc/avr/4.3.3/avr4\libgcc.a(_clear_bss.o)
 .bss           0x00000000        0x0 c:/winavr-20100110/bin/../lib/gcc/avr/4.3.3/avr4\libgcc.a(_clear_bss.o)
 .text.libgcc   0x00000000        0x0 c:/winavr-20100110/bin/../lib/gcc/avr/4.3.3/avr4\libgcc.a(_clear_bss.o)
 .text          0x00000000        0x0 c:/winavr-20100110/bin/../lib/gcc/avr/4.3.3/../../../../avr/lib/avr4\libc.a(eerd_block_atmega8.o)
 .data          0x00000000        0x0 c:/winavr-20100110/bin/../lib/gcc/avr/4.3.3/../../../../avr/lib/avr4\libc.a(eerd_block_atmega8.o)
 .bss           0x00000000        0x0 c:/winavr-20100110/bin/../lib/gcc/avr/4.3.3/../../../../avr/lib/avr4\libc.a(eerd_block_atmega8.o)
 .text          0x00000000        0x0 c:/winavr-20100110/bin/../lib/gcc/avr/4.3.3/../../../../avr/lib/avr4\libc.a(eerd_byte_atmega8.o)
 .data          0x00000000        0x0 c:/winavr-20100110/bin/../lib/gcc/avr/4.3.3/../../../../avr/lib/avr4\libc.a(eerd_byte_atmega8.o)
 .bss           0x00000000        0x0 c:/winavr-20100110/bin/../lib/gcc/avr/4.3.3/../../../../avr/lib/avr4\libc.a(eerd_byte_atmega8.o)
 .text          0x00000000        0x0 c:/winavr-20100110/bin/../lib/gcc/avr/4.3.3/../../../../avr/lib/avr4\libc.a(eewr_byte_atmega8.o)
 .data          0x00000000        0x0 c:/winavr-20100110/bin/../lib/gcc/avr/4.3.3/../../../../avr/lib/avr4\libc.a(eewr_byte_atmega8.o)
 .bss           0x00000000        0x0 c:/winavr-20100110/bin/../lib/gcc/avr/4.3.3/../../../../avr/lib/avr4\libc.a(eewr_byte_atmega8.o)

Memory Configuration

Name             Origin             Length             Attributes
text             0x00000000         0x00002000         xr
data             0x00800060         0x0000ffa0         rw !x
eeprom           0x00810000         0x00010000         rw !x
fuse             0x00820000         0x00000400         rw !x
lock             0x00830000         0x00000400         rw !x
signature        0x00840000         0x00000400         rw !x
*default*        0x00000000         0xffffffff

Linker script and memory map

LOAD c:/winavr-20100110/bin/../lib/gcc/avr/4.3.3/../../../../avr/lib/avr4/crtm8.o
LOAD obj/avr/src/wii_esc_ng.o
LOAD obj/avr/core.a
LOAD c:/winavr-20100110/bin/../lib/gcc/avr/4.3.3/../../../../avr/lib/avr4\libm.a
LOAD c:/winavr-20100110/bin/../lib/gcc/avr/4.3.3/avr4\libgcc.a
LOAD c:/winavr-20100110/bin/../lib/gcc/avr/4.3.3/../../../../avr/lib/avr4\libc.a
LOAD c:/winavr-20100110/bin/../lib/gcc/avr/4.3.3/avr4\libgcc.a

.hash
 *(.hash)

.dynsym
 *(.dynsym)

.dynstr
 *(.dynstr)

.gnu.version
 *(.gnu.version)

.gnu.version_d
 *(.gnu.version_d)

.gnu.version_r
 *(.gnu.version_r)

.rel.init
 *(.rel.init)

.rela.init
 *(.rela.init)

.rel.text
 *(.rel.text)
 *(.rel.text.*)
 *(.rel.gnu.linkonce.t*)

.rela.text
 *(.rela.text)
 *(.rela.text.*)
 *(.rela.gnu.linkonce.t*)

.rel.fini
 *(.rel.fini)

.rela.fini
 *(.rela.fini)

.rel.rodata
 *(.rel.rodata)
 *(.rel.rodata.*)
 *(.rel.gnu.linkonce.r*)

.rela.rodata
 *(.rela.rodata)
 *(.rela.rodata.*)
 *(.rela.gnu.linkonce.r*)

.rel.data
 *(.rel.data)
 *(.rel.data.*)
 *(.rel.gnu.linkonce.d*)

.rela.data
 *(.rela.data)
 *(.rela.data.*)
 *(.rela.gnu.linkonce.d*)

.rel.ctors
 *(.rel.ctors)

.rela.ctors
 *(.rela.ctors)

.rel.dtors
 *(.rel.dtors)

.rela.dtors
 *(.rela.dtors)

.rel.got
 *(.rel.got)

.rela.got
 *(.rela.got)

.rel.bss
 *(.rel.bss)

.rela.bss
 *(.rela.bss)

.rel.plt
 *(.rel.plt)

.rela.plt
 *(.rela.plt)

.text           0x00000000     0x11a8
 *(.vectors)
 .vectors       0x00000000       0x26 c:/winavr-20100110/bin/../lib/gcc/avr/4.3.3/../../../../avr/lib/avr4/crtm8.o
                0x00000000                __vectors
                0x00000000                __vector_default
 *(.vectors)
 *(.progmem.gcc*)
 .progmem.gcc_sw_table
                0x00000026       0x9e obj/avr/src/wii_esc_ng.o
 *(.progmem*)
 .progmem.data  0x000000c4       0x40 obj/avr/src/wii_esc_ng.o
                0x00000104                . = ALIGN (0x2)
                0x00000104                __trampolines_start = .
 *(.trampolines)
 .trampolines   0x00000104        0x0 linker stubs
 *(.trampolines*)
                0x00000104                __trampolines_end = .
 *(.jumptables)
 *(.jumptables*)
 *(.lowtext)
 *(.lowtext*)
                0x00000104                __ctors_start = .
 *(.ctors)
                0x00000104                __ctors_end = .
                0x00000104                __dtors_start = .
 *(.dtors)
                0x00000104                __dtors_end = .
 SORT(*)(.ctors)
 SORT(*)(.dtors)
 *(.init0)
 .init0         0x00000104        0x0 c:/winavr-20100110/bin/../lib/gcc/avr/4.3.3/../../../../avr/lib/avr4/crtm8.o
                0x00000104                __init
 *(.init0)
 *(.init1)
 *(.init1)
 *(.init2)
 .init2         0x00000104        0xc c:/winavr-20100110/bin/../lib/gcc/avr/4.3.3/../../../../avr/lib/avr4/crtm8.o
 *(.init2)
 *(.init3)
 *(.init3)
 *(.init4)
 .init4         0x00000110       0x16 c:/winavr-20100110/bin/../lib/gcc/avr/4.3.3/avr4\libgcc.a(_copy_data.o)
                0x00000110                __do_copy_data
 .init4         0x00000126       0x10 c:/winavr-20100110/bin/../lib/gcc/avr/4.3.3/avr4\libgcc.a(_clear_bss.o)
                0x00000126                __do_clear_bss
 *(.init4)
 *(.init5)
 *(.init5)
 *(.init6)
 *(.init6)
 *(.init7)
 *(.init7)
 *(.init8)
 *(.init8)
 *(.init9)
 .init9         0x00000136        0x4 c:/winavr-20100110/bin/../lib/gcc/avr/4.3.3/../../../../avr/lib/avr4/crtm8.o
 *(.init9)
 *(.text)
 .text          0x0000013a        0x2 c:/winavr-20100110/bin/../lib/gcc/avr/4.3.3/../../../../avr/lib/avr4/crtm8.o
                0x0000013a                __vector_12
                0x0000013a                __bad_interrupt
                0x0000013a                __vector_6
                0x0000013a                __vector_3
                0x0000013a                __vector_11
                0x0000013a                __vector_13
                0x0000013a                __vector_17
                0x0000013a                __vector_7
                0x0000013a                __vector_5
                0x0000013a                __vector_4
                0x0000013a                __vector_9
                0x0000013a                __vector_2
                0x0000013a                __vector_15
                0x0000013a                __vector_8
                0x0000013a                __vector_14
                0x0000013a                __vector_10
                0x0000013a                __vector_16
                0x0000013a                __vector_18
                0x0000013c                . = ALIGN (0x2)
 *(.text.*)
 .text._Z13timer_expiredP9timer_bigj
                0x0000013c       0x50 obj/avr/src/wii_esc_ng.o
                0x0000013c                timer_expired(timer_big*, unsigned int)
 .text._Z10__delay_usj
                0x0000018c       0x2a obj/avr/src/wii_esc_ng.o
                0x0000018c                __delay_us(unsigned int)
 .text._Z10__delay_msj
                0x000001b6       0x1a obj/avr/src/wii_esc_ng.o
                0x000001b6                __delay_ms(unsigned int)
 .text.__vector_1
                0x000001d0       0x50 obj/avr/src/wii_esc_ng.o
                0x000001d0                __vector_1
 .text._Z15filter_ppm_datav
                0x00000220       0x76 obj/avr/src/wii_esc_ng.o
                0x00000220                filter_ppm_data()
 .text._Z10init_os125v
                0x00000296       0x32 obj/avr/src/wii_esc_ng.o
                0x00000296                init_os125()
 .text._Z12rx_get_framev
                0x000002c8       0x1c obj/avr/src/wii_esc_ng.o
                0x000002c8                rx_get_frame()
 .text._Z9free_spinv
                0x000002e4        0xe obj/avr/src/wii_esc_ng.o
                0x000002e4                free_spin()
 .text._ZL18set_pwm_on_comp_onh
                0x000002f2       0x1c obj/avr/src/wii_esc_ng.o
 .text._Z10set_pwm_onh
                0x0000030e       0x22 obj/avr/src/wii_esc_ng.o
                0x0000030e                set_pwm_on(unsigned char)
 .text._ZL19set_pwm_off_comp_onh
                0x00000330       0x1c obj/avr/src/wii_esc_ng.o
 .text._Z11set_pwm_offh
                0x0000034c        0xc obj/avr/src/wii_esc_ng.o
                0x0000034c                set_pwm_off(unsigned char)
 .text._Z17change_comm_stateh
                0x00000358       0xcc obj/avr/src/wii_esc_ng.o
                0x00000358                change_comm_state(unsigned char)
 .text._Z12set_ac_stateh
                0x00000424       0x24 obj/avr/src/wii_esc_ng.o
                0x00000424                set_ac_state(unsigned char)
 .text._Z14set_comm_statev
                0x00000448        0xe obj/avr/src/wii_esc_ng.o
                0x00000448                set_comm_state()
 .text._Z10pct_to_valh
                0x00000456       0x2c obj/avr/src/wii_esc_ng.o
                0x00000456                pct_to_val(unsigned char)
 .text._Z3sdmv  0x00000482       0x4c obj/avr/src/wii_esc_ng.o
                0x00000482                sdm()
 .text._Z17zc_start_detectedv
                0x000004ce       0x2a obj/avr/src/wii_esc_ng.o
                0x000004ce                zc_start_detected()
 .text._Z18zc_run_detected_lhv
                0x000004f8       0x16 obj/avr/src/wii_esc_ng.o
                0x000004f8                zc_run_detected_lh()
 .text._Z18zc_run_detected_hlv
                0x0000050e       0x16 obj/avr/src/wii_esc_ng.o
                0x0000050e                zc_run_detected_hl()
 .text._Z17run_power_controlv
                0x00000524       0x5c obj/avr/src/wii_esc_ng.o
                0x00000524                run_power_control()
 .text._Z18run_timing_controlj
                0x00000580       0x96 obj/avr/src/wii_esc_ng.o
                0x00000580                run_timing_control(unsigned int)
 .text._Z8run_initv
                0x00000616       0x1a obj/avr/src/wii_esc_ng.o
                0x00000616                run_init()
 .text._Z11setup_to_rtv
                0x00000630       0xc6 obj/avr/src/wii_esc_ng.o
                0x00000630                setup_to_rt()
 .text._Z4beephh
                0x000006f6       0x62 obj/avr/src/wii_esc_ng.o
                0x000006f6                beep(unsigned char, unsigned char)
 .text._Z13startup_soundv
                0x00000758       0x30 obj/avr/src/wii_esc_ng.o
                0x00000758                startup_sound()
 .text._Z8wait_forjjh
                0x00000788       0x3a obj/avr/src/wii_esc_ng.o
                0x00000788                wait_for(unsigned int, unsigned int, unsigned char)
 .text._Z20get_stable_ppm_valuev
                0x000007c2       0x56 obj/avr/src/wii_esc_ng.o
                0x000007c2                get_stable_ppm_value()
 .text._Z12wait_for_armv
                0x00000818       0x14 obj/avr/src/wii_esc_ng.o
                0x00000818                wait_for_arm()
 .text._Z17wait_for_power_onv
                0x0000082c       0x22 obj/avr/src/wii_esc_ng.o
                0x0000082c                wait_for_power_on()
 .text.loop     0x0000084e      0x552 obj/avr/src/wii_esc_ng.o
                0x0000084e                loop
 .text._Z12read_storagev
                0x00000da0       0x2a obj/avr/src/wii_esc_ng.o
                0x00000da0                read_storage()
 .text._Z13write_storagev
                0x00000dca       0x2a obj/avr/src/wii_esc_ng.o
                0x00000dca                write_storage()
 .text._Z19check_for_stick_calv
                0x00000df4       0x9c obj/avr/src/wii_esc_ng.o
                0x00000df4                check_for_stick_cal()
 .text.setup    0x00000e90       0xe8 obj/avr/src/wii_esc_ng.o
                0x00000e90                setup
 .text.nvram_open
                0x00000f78        0xa obj/avr/core.a(nvram.o)
                0x00000f78                nvram_open
 .text.nvram_close
                0x00000f82        0x2 obj/avr/core.a(nvram.o)
                0x00000f82                nvram_close
 .text.nvram_read
                0x00000f84       0x2c obj/avr/core.a(nvram.o)
                0x00000f84                nvram_read
 .text.nvram_write
                0x00000fb0       0x5e obj/avr/core.a(nvram.o)
                0x00000fb0                nvram_write
 .text.main     0x0000100e        0xa obj/avr/core.a(main.o)
                0x0000100e                main
 .text.init     0x00001018        0x4 obj/avr/core.a(wiring.o)
                0x00001018                init
 .text.libgcc   0x0000101c       0x3e c:/winavr-20100110/bin/../lib/gcc/avr/4.3.3/avr4\libgcc.a(_mulsi3.o)
                0x0000101c                __mulsi3
 .text.libgcc   0x0000105a       0x28 c:/winavr-20100110/bin/../lib/gcc/avr/4.3.3/avr4\libgcc.a(_udivmodhi4.o)
                0x0000105a                __udivmodhi4
 .text.libgcc   0x00001082       0x26 c:/winavr-20100110/bin/../lib/gcc/avr/4.3.3/avr4\libgcc.a(_divmodhi4.o)
                0x00001082                __divmodhi4
                0x00001082                _div
 .text.libgcc   0x000010a8       0x44 c:/winavr-20100110/bin/../lib/gcc/avr/4.3.3/avr4\libgcc.a(_udivmodsi4.o)
                0x000010a8                __udivmodsi4
 .text.libgcc   0x000010ec       0x38 c:/winavr-20100110/bin/../lib/gcc/avr/4.3.3/avr4\libgcc.a(_prologue.o)
                0x000010ec                __prologue_saves__
 .text.libgcc   0x00001124       0x36 c:/winavr-20100110/bin/../lib/gcc/avr/4.3.3/avr4\libgcc.a(_epilogue.o)
                0x00001124                __epilogue_restores__
 .text.avr-libc
                0x0000115a       0x20 c:/winavr-20100110/bin/../lib/gcc/avr/4.3.3/../../../../avr/lib/avr4\libc.a(eerd_block_atmega8.o)
                0x0000115e                __eerd_blraw_m8
                0x0000115a                __eerd_block_m8
 .text.avr-libc
                0x0000117a       0x10 c:/winavr-20100110/bin/../lib/gcc/avr/4.3.3/../../../../avr/lib/avr4\libc.a(eerd_byte_atmega8.o)
                0x0000117a                __eerd_byte_m8
 .text.avr-libc
                0x0000118a       0x1a c:/winavr-20100110/bin/../lib/gcc/avr/4.3.3/../../../../avr/lib/avr4\libc.a(eewr_byte_atmega8.o)
                0x0000118a                __eewr_byte_m8
                0x0000118c                __eewr_r18_m8
                0x000011a4                . = ALIGN (0x2)
 *(.fini9)
 .fini9         0x000011a4        0x0 c:/winavr-20100110/bin/../lib/gcc/avr/4.3.3/avr4\libgcc.a(_exit.o)
                0x000011a4                exit
                0x000011a4                _exit
 *(.fini9)
 *(.fini8)
 *(.fini8)
 *(.fini7)
 *(.fini7)
 *(.fini6)
 *(.fini6)
 *(.fini5)
 *(.fini5)
 *(.fini4)
 *(.fini4)
 *(.fini3)
 *(.fini3)
 *(.fini2)
 *(.fini2)
 *(.fini1)
 *(.fini1)
 *(.fini0)
 .fini0         0x000011a4        0x4 c:/winavr-20100110/bin/../lib/gcc/avr/4.3.3/avr4\libgcc.a(_exit.o)
 *(.fini0)
                0x000011a8                _etext = .

.data           0x00800060        0xa load address 0x000011a8
                0x00800060                PROVIDE (__data_start, .)
 *(.data)
 *(.data*)
 .data._ZL11__ver_magic
                0x00800060        0x1 obj/avr/src/wii_esc_ng.o
 *(.rodata)
 *(.rodata*)
 .rodata._ZL9nvr_entry
                0x00800061        0x8 obj/avr/src/wii_esc_ng.o
 *(.gnu.linkonce.d*)
                0x0080006a                . = ALIGN (0x2)
 *fill*         0x00800069        0x1 00
                0x0080006a                _edata = .
                0x0080006a                PROVIDE (__data_end, .)

.bss            0x0080006a       0x60
                0x0080006a                PROVIDE (__bss_start, .)
 *(.bss)
 *(.bss*)
 .bss.cfg       0x0080006a        0xf obj/avr/src/wii_esc_ng.o
                0x0080006a                cfg
 .bss.rx        0x00800079        0xb obj/avr/src/wii_esc_ng.o
                0x00800079                rx
 .bss.sdm_rt    0x00800084        0xc obj/avr/src/wii_esc_ng.o
                0x00800084                sdm_rt
 .bss.raw_ppm_data
                0x00800090        0x2 obj/avr/src/wii_esc_ng.o
                0x00800090                raw_ppm_data
 .bss.ppm_edge_time
                0x00800092        0x2 obj/avr/src/wii_esc_ng.o
                0x00800092                ppm_edge_time
 .bss.timer_ppm_timeout_prescaler
                0x00800094        0x6 obj/avr/src/wii_esc_ng.o
                0x00800094                timer_ppm_timeout_prescaler
 .bss._ZL11timer_start
                0x0080009a        0xa obj/avr/src/wii_esc_ng.o
 .bss._ZL13est_comm_time
                0x008000a4        0x2 obj/avr/src/wii_esc_ng.o
 .bss._ZL8__result
                0x008000a6        0x1 obj/avr/src/wii_esc_ng.o
 .bss._ZL14timer_zc_blank
                0x008000a7        0x6 obj/avr/src/wii_esc_ng.o
 .bss._ZL18timer_comm_timeout
                0x008000ad        0x6 obj/avr/src/wii_esc_ng.o
 .bss._ZL9last_tick
                0x008000b3        0x2 obj/avr/src/wii_esc_ng.o
 .bss._ZL16timer_comm_delay
                0x008000b5        0x6 obj/avr/src/wii_esc_ng.o
 .bss._ZL10timing_adv
                0x008000bb        0x1 obj/avr/src/wii_esc_ng.o
 .bss._ZL9sys_limit
                0x008000bc        0x2 obj/avr/src/wii_esc_ng.o
 .bss._ZL14last_comm_time
                0x008000be        0x2 obj/avr/src/wii_esc_ng.o
 .bss._ZL12os125_max_us
                0x008000c0        0x2 obj/avr/src/wii_esc_ng.o
 .bss._ZL12os125_min_us
                0x008000c2        0x2 obj/avr/src/wii_esc_ng.o
 .bss._ZL9os125_max
                0x008000c4        0x2 obj/avr/src/wii_esc_ng.o
 .bss._ZL9os125_min
                0x008000c6        0x2 obj/avr/src/wii_esc_ng.o
 .bss._address  0x008000c8        0x2 obj/avr/core.a(nvram.o)
 *(COMMON)
                0x008000ca                PROVIDE (__bss_end, .)
                0x000011a8                __data_load_start = LOADADDR (.data)
                0x000011b2                __data_load_end = (__data_load_start + SIZEOF (.data))

.noinit         0x008000ca        0x0
                0x008000ca                PROVIDE (__noinit_start, .)
 *(.noinit*)
                0x008000ca                PROVIDE (__noinit_end, .)
                0x008000ca                _end = .
                0x008000ca                PROVIDE (__heap_start, .)

.eeprom         0x00810000        0x0
 *(.eeprom*)
                0x00810000                __eeprom_end = .

.fuse
 *(.fuse)
 *(.lfuse)
 *(.hfuse)
 *(.efuse)

.lock
 *(.lock*)

.signature
 *(.signature*)

.stab
 *(.stab)

.stabstr
 *(.stabstr)

.stab.excl
 *(.stab.excl)

.stab.exclstr
 *(.stab.exclstr)

.stab.index
 *(.stab.index)

.stab.indexstr
 *(.stab.indexstr)

.comment
 *(.comment)

.debug
 *(.debug)

.line
 *(.line)

.debug_srcinfo
 *(.debug_srcinfo)

.debug_sfnames
 *(.debug_sfnames)

.debug_aranges  0x00000000      0x1e0
 *(.debug_aranges)
 .debug_aranges
                0x00000000      0x160 obj/avr/src/wii_esc_ng.o
 .debug_aranges
                0x00000160       0x40 obj/avr/core.a(nvram.o)
 .debug_aranges
                0x000001a0       0x20 obj/avr/core.a(main.o)
 .debug_aranges
                0x000001c0       0x20 obj/avr/core.a(wiring.o)

.debug_pubnames
                0x00000000      0x439
 *(.debug_pubnames)
 .debug_pubnames
                0x00000000      0x39e obj/avr/src/wii_esc_ng.o
 .debug_pubnames
                0x0000039e       0x65 obj/avr/core.a(nvram.o)
 .debug_pubnames
                0x00000403       0x1b obj/avr/core.a(main.o)
 .debug_pubnames
                0x0000041e       0x1b obj/avr/core.a(wiring.o)

.debug_info     0x00000000     0x24d3
 *(.debug_info)
 .debug_info    0x00000000     0x2134 obj/avr/src/wii_esc_ng.o
 .debug_info    0x00002134      0x23a obj/avr/core.a(nvram.o)
 .debug_info    0x0000236e       0xe8 obj/avr/core.a(main.o)
 .debug_info    0x00002456       0x7d obj/avr/core.a(wiring.o)
 *(.gnu.linkonce.wi.*)

.debug_abbrev   0x00000000      0x64a
 *(.debug_abbrev)
 .debug_abbrev  0x00000000      0x457 obj/avr/src/wii_esc_ng.o
 .debug_abbrev  0x00000457      0x14e obj/avr/core.a(nvram.o)
 .debug_abbrev  0x000005a5       0x64 obj/avr/core.a(main.o)
 .debug_abbrev  0x00000609       0x41 obj/avr/core.a(wiring.o)

.debug_line     0x00000000     0x1999
 *(.debug_line)
 .debug_line    0x00000000     0x1670 obj/avr/src/wii_esc_ng.o
 .debug_line    0x00001670      0x1e2 obj/avr/core.a(nvram.o)
 .debug_line    0x00001852       0xcb obj/avr/core.a(main.o)
 .debug_line    0x0000191d       0x7c obj/avr/core.a(wiring.o)

.debug_frame    0x00000000      0x340
 *(.debug_frame)
 .debug_frame   0x00000000      0x2a0 obj/avr/src/wii_esc_ng.o
 .debug_frame   0x000002a0       0x60 obj/avr/core.a(nvram.o)
 .debug_frame   0x00000300       0x20 obj/avr/core.a(main.o)
 .debug_frame   0x00000320       0x20 obj/avr/core.a(wiring.o)

.debug_str      0x00000000      0xca9
 *(.debug_str)
 .debug_str     0x00000000      0xbe0 obj/avr/src/wii_esc_ng.o
                                0xc77 (size before relaxing)
 .debug_str     0x00000be0       0x92 obj/avr/core.a(nvram.o)
                                0x153 (size before relaxing)
 .debug_str     0x00000c72       0x1e obj/avr/core.a(main.o)
                                 0xdd (size before relaxing)
 .debug_str     0x00000c90       0x19 obj/avr/core.a(wiring.o)
                                 0xd3 (size before relaxing)

.debug_loc      0x00000000      0xe18
 *(.debug_loc)
 .debug_loc     0x00000000      0xce0 obj/avr/src/wii_esc_ng.o
 .debug_loc     0x00000ce0      0x138 obj/avr/core.a(nvram.o)

.debug_macinfo
 *(.debug_macinfo)
OUTPUT(bin/avr/wii_esc_ng.elf elf32-avr)
LOAD linker stubs

.debug_ranges   0x00000000      0x3f8
 .debug_ranges  0x00000000      0x360 obj/avr/src/wii_esc_ng.o
 .debug_ranges  0x00000360       0x68 obj/avr/core.a(nvram.o)
 .debug_ranges  0x000003c8       0x18 obj/avr/core.a(main.o)
 .debug_ranges  0x000003e0       0x18 obj/avr/core.a(wiring.o)
